{"type":"hello","protocol":"akou-capture/1","version":"0.6.2","caps":["tap","mic","probe","exclude-responsible","app"]}
{"type":"capturing","mic":null,"call":{"mode":"system","rate":48000},"exclude":["pid 507"],"capture_ns":"13002484250"}
{"type":"level","mic_dbfs":-120,"call_dbfs":-120}
{"type":"level","mic_dbfs":-120,"call_dbfs":-120}
{"type":"level","mic_dbfs":-120,"call_dbfs":-120}
{"type":"level","mic_dbfs":-120,"call_dbfs":-120}
{"type":"level","mic_dbfs":-120,"call_dbfs":-120}
{"type":"level","mic_dbfs":-120,"call_dbfs":-120}
{"type":"level","mic_dbfs":-120,"call_dbfs":-120}
{"type":"health","ch":"call","state":"no-buffers","silent_for":2,"rebuilds":0,"detail":"no audio from this source since capturing started"}
{"type":"level","mic_dbfs":-120,"call_dbfs":-120}
{"type":"level","mic_dbfs":-120,"call_dbfs":-120}
{"type":"level","mic_dbfs":-120,"call_dbfs":-120}
{"type":"first_audio","ch":"call","capture_ns":"15742484250"}
{"type":"level","mic_dbfs":-120,"call_dbfs":-120}
{"type":"level","mic_dbfs":-120,"call_dbfs":-120}
{"type":"level","mic_dbfs":-120,"call_dbfs":-120}
{"type":"level","mic_dbfs":-120,"call_dbfs":-120}
{"type":"level","mic_dbfs":-120,"call_dbfs":-120}
{"type":"level","mic_dbfs":-120,"call_dbfs":-120}
{"type":"level","mic_dbfs":-120,"call_dbfs":-120}
{"type":"level","mic_dbfs":-120,"call_dbfs":-120}
{"type":"level","mic_dbfs":-120,"call_dbfs":-120}
{"type":"level","mic_dbfs":-120,"call_dbfs":-120}
{"type":"level","mic_dbfs":-120,"call_dbfs":-120}
{"type":"level","mic_dbfs":-120,"call_dbfs":-120}
{"type":"level","mic_dbfs":-120,"call_dbfs":-120}
{"type":"level","mic_dbfs":-120,"call_dbfs":-120}
{"type":"level","mic_dbfs":-120,"call_dbfs":-120}
{"type":"level","mic_dbfs":-120,"call_dbfs":-120}
{"type":"level","mic_dbfs":-120,"call_dbfs":-120}
{"type":"level","mic_dbfs":-120,"call_dbfs":-120}
{"type":"level","mic_dbfs":-120,"call_dbfs":-120}
{"type":"level","mic_dbfs":-120,"call_dbfs":-120}
{"type":"level","mic_dbfs":-120,"call_dbfs":-120}
{"type":"level","mic_dbfs":-120,"call_dbfs":-120}
{"type":"level","mic_dbfs":-120,"call_dbfs":-120}
{"type":"level","mic_dbfs":-120,"call_dbfs":-120}
{"type":"level","mic_dbfs":-120,"call_dbfs":-120}
{"type":"level","mic_dbfs":-120,"call_dbfs":-120}
{"type":"level","mic_dbfs":-120,"call_dbfs":-120}
{"type":"level","mic_dbfs":-120,"call_dbfs":-120}
{"type":"level","mic_dbfs":-120,"call_dbfs":-120}
{"type":"level","mic_dbfs":-120,"call_dbfs":-120}
{"type":"level","mic_dbfs":-120,"call_dbfs":-120}
{"type":"level","mic_dbfs":-120,"call_dbfs":-120}
{"type":"level","mic_dbfs":-120,"call_dbfs":-120}
{"type":"level","mic_dbfs":-120,"call_dbfs":-120}
{"type":"stopped","file_seconds":11.5545,"reason":"stop"}
